// Jest Snapshot v1, https://goo.gl/fbAQLP

exports[`Card should render 1`] = `
<div
  className="px-card hLbjWt"
>
  <header
    className="px-card-header frRFri"
  >
    <span
      className="yYkWD"
    >
      <i
        className="px-card-icon fxynje"
      >
        <i
          className="px-icon px-nav-home femNjm"
          color={null}
          style={
            Object {
              "height": 22,
              "width": 22,
            }
          }
        >
          <svg
            dangerouslySetInnerHTML={
              Object {
                "__html": "<g id=\\"px-nav-home\\"><path stroke-linejoin=\\"round\\" d=\\"M3.5 11v10.5h15V11m-18-.5L11 1l10.5 9.5\\"/><path stroke-linejoin=\\"round\\" d=\\"M8.5 15.5h5v6h-5z\\"/></g>",
              }
            }
            preserveAspectRatio="xMidYMid meet"
            style={
              Object {
                "display": "block",
                "height": 22,
                "pointerEvents": "none",
                "width": 22,
              }
            }
            viewBox="0 0 22 22"
          />
        </i>
      </i>
      Card Header
    </span>
  </header>
  <section
    className="px-card-body keWRp"
  >
    Content
  </section>
</div>
`;
