// Jest Snapshot v1, https://goo.gl/fbAQLP

exports[`Tree matches snapshot 1`] = `
<ul
  className="px-tree"
  style={
    Object {
      "margin": 0,
      "padding": 0,
    }
  }
>
  <li
    className="iPPvfZ"
    data-branch={true}
    data-leaf={false}
    data-open={false}
    onClick={[Function]}
    open={false}
    selected={false}
  >
    <div
      className="jhtnpA"
      data-id={1}
      selected={false}
    >
      <span
        className="RvCyt"
      >
        <i
          className="px-icon px-utl-chevron-right femNjm"
          color={null}
          style={
            Object {
              "height": 16,
              "width": 16,
            }
          }
        >
          <svg
            dangerouslySetInnerHTML={
              Object {
                "__html": "<g id=\\"px-utl-chevron-right\\"><path stroke-linejoin=\\"round\\" d=\\"M6.2 13.2l5.4-5.5-5.5-5.5\\"/></g>",
              }
            }
            preserveAspectRatio="xMidYMid meet"
            style={
              Object {
                "display": "block",
                "height": 16,
                "pointerEvents": "none",
                "width": 16,
              }
            }
            viewBox="0 0 16 16"
          />
        </i>
      </span>
      <span
        onClick={[Function]}
      >
        All Categories
      </span>
       
    </div>
    <ul
      className="kAmVrN"
      open={false}
    />
  </li>
</ul>
`;
