// Jest Snapshot v1, https://goo.gl/fbAQLP

exports[`Spinner should render 1`] = `
<div>
  <svg
    height={100}
    viewBox="0 0 100 100"
    width={100}
  >
    <circle
      className="bfWoCa"
      cx="50"
      cy="50"
      r="45"
    />
    <circle
      className="cDRLOv"
      cx="50"
      cy="50"
      r="45"
      transform="rotate(-45,50,50)"
    />
  </svg>
</div>
`;

exports[`Spinner should render with value 1`] = `
<div>
  <svg
    height={100}
    viewBox="0 0 100 100"
    width={100}
  >
    <circle
      className="bfWoCa"
      cx="50"
      cy="50"
      r="45"
    />
    <circle
      className="cDRLOv"
      cx="50"
      cy="50"
      r="45"
      transform="rotate(-45,50,50)"
    />
  </svg>
</div>
`;
