// Jest Snapshot v1, https://goo.gl/fbAQLP

exports[`Dropdown matches snapshot 1`] = `
<div
  className="px-dropdown"
>
  <button
    className="px-button hdtnUs"
    disabled={null}
    onClick={[Function]}
    size={null}
    style={
      Object {
        "height": null,
      }
    }
    type={null}
  >
    <div
      className="px-dropdown__trigger fhdTqn"
    >
      <div
        className="px-dropdown__label hgyLtU"
      >
        My Val
      </div>
      <i
        className="px-icon px-utl-chevron femNjm"
        color={null}
        style={
          Object {
            "height": 16,
            "width": 16,
          }
        }
      >
        <svg
          dangerouslySetInnerHTML={
            Object {
              "__html": "<g id=\\"px-utl-chevron\\"><path d=\\"M2.4 6.2l5.5 5.5 5.5-5.5\\"/></g>",
            }
          }
          preserveAspectRatio="xMidYMid meet"
          style={
            Object {
              "display": "block",
              "height": 16,
              "pointerEvents": "none",
              "width": 16,
            }
          }
          viewBox="0 0 16 16"
        />
      </i>
    </div>
  </button>
  <div
    className="px-dropdown__content hIkhEn"
    width={null}
  >
    <div
      className="px-dropdown__option exCTZb"
      data-key="1"
      data-val="iPhone"
      disabled={undefined}
      onClick={[Function]}
      selected={undefined}
    >
      iPhone
    </div>
    <div
      className="px-dropdown__option exCTZb"
      data-key="2"
      data-val="Android"
      disabled={undefined}
      onClick={[Function]}
      selected={undefined}
    >
      Android
    </div>
    <div
      className="px-dropdown__option exCTZb"
      data-key="3"
      data-val="Blackberry"
      disabled={undefined}
      onClick={[Function]}
      selected={undefined}
    >
      Blackberry
    </div>
    <div
      className="px-dropdown__option exCTZb"
      data-key="4"
      data-val="Windows Phone"
      disabled={undefined}
      onClick={[Function]}
      selected={undefined}
    >
      Windows Phone
    </div>
    <div
      className="px-dropdown__option doRTqD"
      data-key="5"
      data-val="Flip Phone"
      disabled={true}
      onClick={[Function]}
      selected={undefined}
    >
      Flip Phone
    </div>
  </div>
</div>
`;
