// Jest Snapshot v1, https://goo.gl/fbAQLP

exports[`px-breadcrumbs renders correctly 1`] = `
<div>
  <div
    className="cGrfKf"
  >
    <div
      className="breadcrumbTopItem"
      data-index={0}
    >
      <div
        className="cGrfKf"
      >
        <span
          className="actionable actionable--action u-ph-"
          onClick={[Function]}
        >
          North America
        </span>
      </div>
    </div>
    <div
      className="breadcrumbTopItem"
      data-index={1}
    >
      <div
        className="cGrfKf"
      >
        <i
          className="px-icon px-utl-chevron-right femNjm"
          color={null}
          style={
            Object {
              "height": 24,
              "width": 24,
            }
          }
        >
          <svg
            dangerouslySetInnerHTML={
              Object {
                "__html": "<g id=\\"px-utl-chevron-right\\"><path stroke-linejoin=\\"round\\" d=\\"M6.2 13.2l5.4-5.5-5.5-5.5\\"/></g>",
              }
            }
            preserveAspectRatio="xMidYMid meet"
            style={
              Object {
                "display": "block",
                "height": 24,
                "pointerEvents": "none",
                "width": 24,
              }
            }
            viewBox="0 0 16 16"
          />
        </i>
        <span
          className="actionable actionable--action u-ph-"
          onClick={[Function]}
        >
          United States of America
        </span>
      </div>
    </div>
    <div
      className="breadcrumbTopItem"
      data-index={2}
    >
      <div
        className="cGrfKf"
      >
        <i
          className="px-icon px-utl-chevron-right femNjm"
          color={null}
          style={
            Object {
              "height": 24,
              "width": 24,
            }
          }
        >
          <svg
            dangerouslySetInnerHTML={
              Object {
                "__html": "<g id=\\"px-utl-chevron-right\\"><path stroke-linejoin=\\"round\\" d=\\"M6.2 13.2l5.4-5.5-5.5-5.5\\"/></g>",
              }
            }
            preserveAspectRatio="xMidYMid meet"
            style={
              Object {
                "display": "block",
                "height": 24,
                "pointerEvents": "none",
                "width": 24,
              }
            }
            viewBox="0 0 16 16"
          />
        </i>
        <span
          className="actionable actionable--action u-ph-"
          onClick={[Function]}
        >
          California
        </span>
      </div>
    </div>
    <div
      className="breadcrumbTopItem"
      data-index={3}
    >
      <div
        className="cGrfKf"
      >
        <i
          className="px-icon px-utl-chevron-right femNjm"
          color={null}
          style={
            Object {
              "height": 24,
              "width": 24,
            }
          }
        >
          <svg
            dangerouslySetInnerHTML={
              Object {
                "__html": "<g id=\\"px-utl-chevron-right\\"><path stroke-linejoin=\\"round\\" d=\\"M6.2 13.2l5.4-5.5-5.5-5.5\\"/></g>",
              }
            }
            preserveAspectRatio="xMidYMid meet"
            style={
              Object {
                "display": "block",
                "height": 24,
                "pointerEvents": "none",
                "width": 24,
              }
            }
            viewBox="0 0 16 16"
          />
        </i>
        <span
          className="actionable actionable--action u-ph-"
          onClick={[Function]}
        >
          San Ramon
        </span>
      </div>
    </div>
  </div>
</div>
`;
