// Jest Snapshot v1, https://goo.gl/fbAQLP

exports[`Modal should render 1`] = `
<div
  className="llDqkv"
>
  <div
    className="px-overlay bwgVqy"
    onClick={[Function]}
    onKeyUp={[Function]}
  />
  <div
    className="gGaFPK"
    role="region"
  >
    <div>
      <h3
        className="SKTug"
      >
        Modal
      </h3>
      <div
        className="hhuebM"
      />
      <div
        className="flLJBN"
      >
        <button
          className="px-button cfGkUF"
          disabled={null}
          id="btnModalPositive"
          onClick={null}
          size={null}
          type={null}
        >
          Confirm
        </button>
      </div>
    </div>
  </div>
</div>
`;
