// Jest Snapshot v1, https://goo.gl/fbAQLP

exports[`Accordion should render open by default 1`] = `
<div
  className="px-accordion px-accordion--open gSERnm"
>
  <div
    className="px-accordion__header eZRMLF"
    disabled={null}
  >
    <div
      className="loaSaY"
      onClick={[Function]}
    >
      <span>
        <i
          className="px-icon px-icon-utl px-utl-chevron-down"
          style={
            Object {
              "height": "16px",
              "width": "16px",
            }
          }
        >
          <svg
            preserveAspectRatio="xMidYMid meet"
            style={
              Object {
                "display": "block",
                "fill": "none",
                "height": "16px",
                "pointerEvents": "none",
                "stroke": "currentColor",
                "width": "16px",
              }
            }
            viewBox="0 0 16 16"
          >
            <g
              id="px-utl-chevron"
            >
              <path
                d="M2.4 6.2l5.5 5.5 5.5-5.5"
              />
            </g>
          </svg>
        </i>
      </span>
      <span
        className="isWjxO"
      >
        Header Caption
      </span>
    </div>
    <div
      className="jWbOhE"
    >
      <div
        className="dlUyXk"
      >
        Last Updated: 3 Days Ago
      </div>
    </div>
  </div>
  <div
    aria-expanded={true}
    aria-hidden={false}
    className="iron-collapse"
  >
    <div
      className="px-accordion__body dUyRHG"
    >
      <p>
        Accordion content goes here.
      </p>
    </div>
    <style>
      
        .iron-collapse {
          display: block;
          -webkit-transition-duration: 300ms;
          -moz-transition-duration: 300ms;
          transition-duration: 300ms;
          overflow: visible;
        }
        .iron-collapse:not(.iron-collapse-opened) {
          overflow: hidden;
        }
      
    </style>
  </div>
</div>
`;
